2020-12-26 22:33:15 INFO  Demo_01_Base:48 - 5Ml8cxPR_8fWDNNDtAbTw87lnvFmCysSlTMTz25p7n6tyMau0XqxjQQ-LQAPgxCyowmH_87oN2bo_edeCMN7b5XOV4A8ccEmj8Uz98QJtT9Kq3UO_yeAyah32bBug1gEGZmAzEUoeC9rvuds1imLyIUhI_c8g6gy-92QEdrn9hBMXB4RqLcClQgmyzixbo4NknyHzQFzHhVw2ykyoV2MFA
2020-12-26 22:35:08 INFO  Demo_01_Base:48 - 5Ml8cxPR_8fWDNNDtAbTw87lnvFmCysSlTMTz25p7n6tyMau0XqxjQQ-LQAPgxCyowmH_87oN2bo_edeCMN7b5XOV4A8ccEmj8Uz98QJtT9Kq3UO_yeAyah32bBug1gEGZmAzEUoeC9rvuds1imLyIUhI_c8g6gy-92QEdrn9hBMXB4RqLcClQgmyzixbo4NknyHzQFzHhVw2ykyoV2MFA
2020-12-26 22:53:20 INFO  Demo_01_Base:48 - IA8i5p5carv6WEZ7QESqVIh4U6e_LptNZELHZTfTXjA7Ewo00q1GZZG-XEEPvnxMjVpzgynELrEFcr7Z5PFUrUBmu_k7YXbfEzetWEm8AAnXqKVCXfDAq6E5ZM7D-IwMLuK8dlvPkMhB1aofcRnlZE7WQoW6x4xhSCIuaud2mtQLX6hxsFTsPm2BGARnmGWedRbt9wK7HAH18QErQTuZ2A
2020-12-26 23:12:58 INFO  Demo_01_Base:50 - ye5OgIg21udtg--EZpp6RJDa2hRNx4qKOWmwSesXCbsYHKG_t3ZS-LhEhxZdjL6mlMFHv_akMhoosn2vhTTTFv_6oIrsMSEYeHJhP6b93SIn0YXV5xaq9PBUlxf1e_VIytkPWmvhMIEwg-68-wg5eUilkG2dCtS6v-DASswCkR-FIJdHTlaimjnUGODacI2k4FCo9GFKZUBAxXyI0tdkCw
2020-12-27 09:57:23 INFO  Demo_01_Base:49 - -zbxWFWURpxjAMGN-PwBhICDEehFojamhSQXFUebm9r6dMrJZRnFFqFmGzsbzq9dC-G5VHjNWGI12Dn-2qPCH33eyDMCAHiGJ2K2e0ecYTCDK4XTMtO9ByPhWKjoH_SzMJsqEWlqSGfYwLcmtTjstBER2vGoTSwsB4vvsvpCDlTWaxnezo2rNXoK7GuDH8ERf6yI2ddmL2C4VO_r0ofC3g
2020-12-27 10:03:02 INFO  Demo_01_Base:49 - -zbxWFWURpxjAMGN-PwBhICDEehFojamhSQXFUebm9r6dMrJZRnFFqFmGzsbzq9dC-G5VHjNWGI12Dn-2qPCH33eyDMCAHiGJ2K2e0ecYTCDK4XTMtO9ByPhWKjoH_SzMJsqEWlqSGfYwLcmtTjstBER2vGoTSwsB4vvsvpCDlTWaxnezo2rNXoK7GuDH8ERf6yI2ddmL2C4VO_r0ofC3g
2020-12-27 10:24:26 INFO  Demo_01_Base:49 - -zbxWFWURpxjAMGN-PwBhICDEehFojamhSQXFUebm9r6dMrJZRnFFqFmGzsbzq9dC-G5VHjNWGI12Dn-2qPCH33eyDMCAHiGJ2K2e0ecYTCDK4XTMtO9ByPhWKjoH_SzMJsqEWlqSGfYwLcmtTjstBER2vGoTSwsB4vvsvpCDlTWaxnezo2rNXoK7GuDH8ERf6yI2ddmL2C4VO_r0ofC3g
2020-12-27 19:01:19 INFO  Demo_04_Layer:35 - lBEGBkIacbJpUtjtGXBHvQxXIinem-8Kbh9rHhnCrxuoFzDpusJv2DDxf1L-pRGGOj322ZNUDNOd13qGKNv3Wlr6h5S8e772fDrJ2k9GXo9-mkZ0i4GP-OzHOPY5z_44SrjHIg60wxc1Sp8f-C5lIFyf5B_tAcI9Qo0ijgxdXFvkxitVBFkp-CoCvVjakljKF0qq0nvYjyiFQy4Zm8Pb3w
2020-12-27 19:05:59 INFO  Demo_04_Layer:35 - lBEGBkIacbJpUtjtGXBHvQxXIinem-8Kbh9rHhnCrxuoFzDpusJv2DDxf1L-pRGGOj322ZNUDNOd13qGKNv3Wlr6h5S8e772fDrJ2k9GXo9-mkZ0i4GP-OzHOPY5z_44SrjHIg60wxc1Sp8f-C5lIFyf5B_tAcI9Qo0ijgxdXFvkxitVBFkp-CoCvVjakljKF0qq0nvYjyiFQy4Zm8Pb3w
2020-12-27 19:25:39 INFO  Demo_05_param_demo:37 - lBEGBkIacbJpUtjtGXBHvQxXIinem-8Kbh9rHhnCrxuoFzDpusJv2DDxf1L-pRGGOj322ZNUDNOd13qGKNv3Wlr6h5S8e772fDrJ2k9GXo9-mkZ0i4GP-OzHOPY5z_44SrjHIg60wxc1Sp8f-C5lIFyf5B_tAcI9Qo0ijgxdXFvkxitVBFkp-CoCvVjakljKF0qq0nvYjyiFQy4Zm8Pb3w
2020-12-27 19:39:27 INFO  Demo_05_param_demo:38 - lBEGBkIacbJpUtjtGXBHvQxXIinem-8Kbh9rHhnCrxuoFzDpusJv2DDxf1L-pRGGOj322ZNUDNOd13qGKNv3Wlr6h5S8e772fDrJ2k9GXo9-mkZ0i4GP-OzHOPY5z_44SrjHIg60wxc1Sp8f-C5lIFyf5B_tAcI9Qo0ijgxdXFvkxitVBFkp-CoCvVjakljKF0qq0nvYjyiFQy4Zm8Pb3w
2020-12-27 19:50:58 INFO  Demo_05_softassert:39 - lBEGBkIacbJpUtjtGXBHvQxXIinem-8Kbh9rHhnCrxuoFzDpusJv2DDxf1L-pRGGOj322ZNUDNOd13qGKNv3Wlr6h5S8e772fDrJ2k9GXo9-mkZ0i4GP-OzHOPY5z_44SrjHIg60wxc1Sp8f-C5lIFyf5B_tAcI9Qo0ijgxdXFvkxitVBFkp-CoCvVjakljKF0qq0nvYjyiFQy4Zm8Pb3w
2020-12-27 20:11:24 INFO  Demo_04_Layer:37 - lBEGBkIacbJpUtjtGXBHvQxXIinem-8Kbh9rHhnCrxuoFzDpusJv2DDxf1L-pRGGOj322ZNUDNOd13qGKNv3Wlr6h5S8e772fDrJ2k9GXo9-mkZ0i4GP-OzHOPY5z_44SrjHIg60wxc1Sp8f-C5lIFyf5B_tAcI9Qo0ijgxdXFvkxitVBFkp-CoCvVjakljKF0qq0nvYjyiFQy4Zm8Pb3w
2020-12-27 20:25:42 INFO  Demo_06_01_thread_createDepartMent:28 - lBEGBkIacbJpUtjtGXBHvQxXIinem-8Kbh9rHhnCrxuoFzDpusJv2DDxf1L-pRGGOj322ZNUDNOd13qGKNv3Wlr6h5S8e772fDrJ2k9GXo9-mkZ0i4GP-OzHOPY5z_44SrjHIg60wxc1Sp8f-C5lIFyf5B_tAcI9Qo0ijgxdXFvkxitVBFkp-CoCvVjakljKF0qq0nvYjyiFQy4Zm8Pb3w
2020-12-27 20:27:41 INFO  Demo_06_01_thread_createDepartMent:28 - lBEGBkIacbJpUtjtGXBHvQxXIinem-8Kbh9rHhnCrxuoFzDpusJv2DDxf1L-pRGGOj322ZNUDNOd13qGKNv3Wlr6h5S8e772fDrJ2k9GXo9-mkZ0i4GP-OzHOPY5z_44SrjHIg60wxc1Sp8f-C5lIFyf5B_tAcI9Qo0ijgxdXFvkxitVBFkp-CoCvVjakljKF0qq0nvYjyiFQy4Zm8Pb3w
2020-12-27 20:36:41 INFO  Demo_06_02_concurent:34 - lBEGBkIacbJpUtjtGXBHvQxXIinem-8Kbh9rHhnCrxuoFzDpusJv2DDxf1L-pRGGOj322ZNUDNOd13qGKNv3Wlr6h5S8e772fDrJ2k9GXo9-mkZ0i4GP-OzHOPY5z_44SrjHIg60wxc1Sp8f-C5lIFyf5B_tAcI9Qo0ijgxdXFvkxitVBFkp-CoCvVjakljKF0qq0nvYjyiFQy4Zm8Pb3w
2020-12-27 20:51:11 INFO  Demo_06_02_concurent:34 - lBEGBkIacbJpUtjtGXBHvQxXIinem-8Kbh9rHhnCrxuoFzDpusJv2DDxf1L-pRGGOj322ZNUDNOd13qGKNv3Wlr6h5S8e772fDrJ2k9GXo9-mkZ0i4GP-OzHOPY5z_44SrjHIg60wxc1Sp8f-C5lIFyf5B_tAcI9Qo0ijgxdXFvkxitVBFkp-CoCvVjakljKF0qq0nvYjyiFQy4Zm8Pb3w
2020-12-27 20:59:56 INFO  Demo_06_02_concurent:34 - lBEGBkIacbJpUtjtGXBHvQxXIinem-8Kbh9rHhnCrxuoFzDpusJv2DDxf1L-pRGGOj322ZNUDNOd13qGKNv3Wlr6h5S8e772fDrJ2k9GXo9-mkZ0i4GP-OzHOPY5z_44SrjHIg60wxc1Sp8f-C5lIFyf5B_tAcI9Qo0ijgxdXFvkxitVBFkp-CoCvVjakljKF0qq0nvYjyiFQy4Zm8Pb3w
2020-12-27 21:09:32 INFO  Demo_07_allure_description:39 - 7iInr0pOtwaO45Kj7IjFSyvh1SjLNkhGgVYlRxCIVeQeNfOeCxkK7ZBXX4gd2IVkBDTvUKFmtiLMQR2N4B1yf72bItY-apz8la0gguo7dYkNim4kzIgM-_tvyXosd6pjRE3iKusEL_T9MjY4nhPhfrq7OfRVJDKi_80-4si6he8xz-OhGKCjebaMOIYwM610B22TJPuNeJoaUddKfDtz4g
2020-12-27 21:12:26 INFO  Demo_07_allure_description:39 - 7iInr0pOtwaO45Kj7IjFSyvh1SjLNkhGgVYlRxCIVeQeNfOeCxkK7ZBXX4gd2IVkBDTvUKFmtiLMQR2N4B1yf72bItY-apz8la0gguo7dYkNim4kzIgM-_tvyXosd6pjRE3iKusEL_T9MjY4nhPhfrq7OfRVJDKi_80-4si6he8xz-OhGKCjebaMOIYwM610B22TJPuNeJoaUddKfDtz4g
2020-12-27 21:15:18 INFO  Demo_07_allure_description:39 - 7iInr0pOtwaO45Kj7IjFSyvh1SjLNkhGgVYlRxCIVeQeNfOeCxkK7ZBXX4gd2IVkBDTvUKFmtiLMQR2N4B1yf72bItY-apz8la0gguo7dYkNim4kzIgM-_tvyXosd6pjRE3iKusEL_T9MjY4nhPhfrq7OfRVJDKi_80-4si6he8xz-OhGKCjebaMOIYwM610B22TJPuNeJoaUddKfDtz4g
2020-12-27 21:21:34 INFO  Demo_07_allure_description:39 - 7iInr0pOtwaO45Kj7IjFSyvh1SjLNkhGgVYlRxCIVeQeNfOeCxkK7ZBXX4gd2IVkBDTvUKFmtiLMQR2N4B1yf72bItY-apz8la0gguo7dYkNim4kzIgM-_tvyXosd6pjRE3iKusEL_T9MjY4nhPhfrq7OfRVJDKi_80-4si6he8xz-OhGKCjebaMOIYwM610B22TJPuNeJoaUddKfDtz4g
2020-12-27 21:32:29 INFO  Demo_07_allure_description:36 - 7iInr0pOtwaO45Kj7IjFSyvh1SjLNkhGgVYlRxCIVeQeNfOeCxkK7ZBXX4gd2IVkBDTvUKFmtiLMQR2N4B1yf72bItY-apz8la0gguo7dYkNim4kzIgM-_tvyXosd6pjRE3iKusEL_T9MjY4nhPhfrq7OfRVJDKi_80-4si6he8xz-OhGKCjebaMOIYwM610B22TJPuNeJoaUddKfDtz4g
2020-12-27 21:38:14 INFO  Demo_07_allure_description:36 - 7iInr0pOtwaO45Kj7IjFSyvh1SjLNkhGgVYlRxCIVeQeNfOeCxkK7ZBXX4gd2IVkBDTvUKFmtiLMQR2N4B1yf72bItY-apz8la0gguo7dYkNim4kzIgM-_tvyXosd6pjRE3iKusEL_T9MjY4nhPhfrq7OfRVJDKi_80-4si6he8xz-OhGKCjebaMOIYwM610B22TJPuNeJoaUddKfDtz4g
2020-12-27 21:42:34 INFO  Demo_07_allure_description:36 - 7iInr0pOtwaO45Kj7IjFSyvh1SjLNkhGgVYlRxCIVeQeNfOeCxkK7ZBXX4gd2IVkBDTvUKFmtiLMQR2N4B1yf72bItY-apz8la0gguo7dYkNim4kzIgM-_tvyXosd6pjRE3iKusEL_T9MjY4nhPhfrq7OfRVJDKi_80-4si6he8xz-OhGKCjebaMOIYwM610B22TJPuNeJoaUddKfDtz4g
2020-12-27 22:48:06 INFO  Demo_05_softassert:27 - 7iInr0pOtwaO45Kj7IjFSyvh1SjLNkhGgVYlRxCIVeQeNfOeCxkK7ZBXX4gd2IVkBDTvUKFmtiLMQR2N4B1yf72bItY-apz8la0gguo7dYkNim4kzIgM-_tvyXosd6pjRE3iKusEL_T9MjY4nhPhfrq7OfRVJDKi_80-4si6he8xz-OhGKCjebaMOIYwM610B22TJPuNeJoaUddKfDtz4g
2020-12-27 22:49:47 INFO  Demo_05_softassert:27 - 7iInr0pOtwaO45Kj7IjFSyvh1SjLNkhGgVYlRxCIVeQeNfOeCxkK7ZBXX4gd2IVkBDTvUKFmtiLMQR2N4B1yf72bItY-apz8la0gguo7dYkNim4kzIgM-_tvyXosd6pjRE3iKusEL_T9MjY4nhPhfrq7OfRVJDKi_80-4si6he8xz-OhGKCjebaMOIYwM610B22TJPuNeJoaUddKfDtz4g
2020-12-27 22:51:08 INFO  Demo_05_softassert:27 - 7iInr0pOtwaO45Kj7IjFSyvh1SjLNkhGgVYlRxCIVeQeNfOeCxkK7ZBXX4gd2IVkBDTvUKFmtiLMQR2N4B1yf72bItY-apz8la0gguo7dYkNim4kzIgM-_tvyXosd6pjRE3iKusEL_T9MjY4nhPhfrq7OfRVJDKi_80-4si6he8xz-OhGKCjebaMOIYwM610B22TJPuNeJoaUddKfDtz4g
2020-12-27 22:52:25 INFO  Demo_05_softassert:27 - 7iInr0pOtwaO45Kj7IjFSyvh1SjLNkhGgVYlRxCIVeQeNfOeCxkK7ZBXX4gd2IVkBDTvUKFmtiLMQR2N4B1yf72bItY-apz8la0gguo7dYkNim4kzIgM-_tvyXosd6pjRE3iKusEL_T9MjY4nhPhfrq7OfRVJDKi_80-4si6he8xz-OhGKCjebaMOIYwM610B22TJPuNeJoaUddKfDtz4g
2020-12-27 22:54:08 INFO  Demo_05_softassert:27 - 7iInr0pOtwaO45Kj7IjFSyvh1SjLNkhGgVYlRxCIVeQeNfOeCxkK7ZBXX4gd2IVkBDTvUKFmtiLMQR2N4B1yf72bItY-apz8la0gguo7dYkNim4kzIgM-_tvyXosd6pjRE3iKusEL_T9MjY4nhPhfrq7OfRVJDKi_80-4si6he8xz-OhGKCjebaMOIYwM610B22TJPuNeJoaUddKfDtz4g
2020-12-27 22:56:16 INFO  Demo_05_softassert:27 - 7iInr0pOtwaO45Kj7IjFSyvh1SjLNkhGgVYlRxCIVeQeNfOeCxkK7ZBXX4gd2IVkBDTvUKFmtiLMQR2N4B1yf72bItY-apz8la0gguo7dYkNim4kzIgM-_tvyXosd6pjRE3iKusEL_T9MjY4nhPhfrq7OfRVJDKi_80-4si6he8xz-OhGKCjebaMOIYwM610B22TJPuNeJoaUddKfDtz4g
2020-12-27 23:01:37 INFO  Demo_05_softassert:27 - 7iInr0pOtwaO45Kj7IjFSyvh1SjLNkhGgVYlRxCIVeQeNfOeCxkK7ZBXX4gd2IVkBDTvUKFmtiLMQR2N4B1yf72bItY-apz8la0gguo7dYkNim4kzIgM-_tvyXosd6pjRE3iKusEL_T9MjY4nhPhfrq7OfRVJDKi_80-4si6he8xz-OhGKCjebaMOIYwM610B22TJPuNeJoaUddKfDtz4g
2020-12-27 23:04:45 INFO  Demo_05_softassert:27 - 7iInr0pOtwaO45Kj7IjFSyvh1SjLNkhGgVYlRxCIVeQeNfOeCxkK7ZBXX4gd2IVkBDTvUKFmtiLMQR2N4B1yf72bItY-apz8la0gguo7dYkNim4kzIgM-_tvyXosd6pjRE3iKusEL_T9MjY4nhPhfrq7OfRVJDKi_80-4si6he8xz-OhGKCjebaMOIYwM610B22TJPuNeJoaUddKfDtz4g
2020-12-27 23:07:10 INFO  Demo_05_softassert:27 - 7iInr0pOtwaO45Kj7IjFSyvh1SjLNkhGgVYlRxCIVeQeNfOeCxkK7ZBXX4gd2IVkBDTvUKFmtiLMQR2N4B1yf72bItY-apz8la0gguo7dYkNim4kzIgM-_tvyXosd6pjRE3iKusEL_T9MjY4nhPhfrq7OfRVJDKi_80-4si6he8xz-OhGKCjebaMOIYwM610B22TJPuNeJoaUddKfDtz4g
2020-12-27 23:09:15 INFO  Demo_05_softassert:27 - 7iInr0pOtwaO45Kj7IjFSyvh1SjLNkhGgVYlRxCIVeQeNfOeCxkK7ZBXX4gd2IVkBDTvUKFmtiLMQR2N4B1yf72bItY-apz8la0gguo7dYkNim4kzIgM-_tvyXosd6pjRE3iKusEL_T9MjY4nhPhfrq7OfRVJDKi_80-4si6he8xz-OhGKCjebaMOIYwM610B22TJPuNeJoaUddKfDtz4g
2020-12-27 23:11:00 INFO  Demo_05_softassert:27 - BjKO8xctOp38fzmCzprOAfSZYcPy-uCQGClLPBphaqKoB_Wz0MdgwBL7uYG9OdrErZ9UuokQFHFRueyaPg_Kj5nbCMfW1SZn5vYHYRTdhQdGnpyuxlVZTFYpaRV73VbevZKNFB6AR1S0e6-80vJrk5L-KumgxV9Y18Rz3dquKPhhnZ2YdccZ5v8mgA6KkJbgxromFaBokAL_nZcozTg7DA
2020-12-27 23:12:14 INFO  Demo_05_softassert:27 - BjKO8xctOp38fzmCzprOAfSZYcPy-uCQGClLPBphaqKoB_Wz0MdgwBL7uYG9OdrErZ9UuokQFHFRueyaPg_Kj5nbCMfW1SZn5vYHYRTdhQdGnpyuxlVZTFYpaRV73VbevZKNFB6AR1S0e6-80vJrk5L-KumgxV9Y18Rz3dquKPhhnZ2YdccZ5v8mgA6KkJbgxromFaBokAL_nZcozTg7DA
2020-12-27 23:14:02 INFO  Demo_05_softassert:27 - BjKO8xctOp38fzmCzprOAfSZYcPy-uCQGClLPBphaqKoB_Wz0MdgwBL7uYG9OdrErZ9UuokQFHFRueyaPg_Kj5nbCMfW1SZn5vYHYRTdhQdGnpyuxlVZTFYpaRV73VbevZKNFB6AR1S0e6-80vJrk5L-KumgxV9Y18Rz3dquKPhhnZ2YdccZ5v8mgA6KkJbgxromFaBokAL_nZcozTg7DA
2020-12-27 23:21:51 INFO  Demo_05_softassert:27 - BjKO8xctOp38fzmCzprOAfSZYcPy-uCQGClLPBphaqKoB_Wz0MdgwBL7uYG9OdrErZ9UuokQFHFRueyaPg_Kj5nbCMfW1SZn5vYHYRTdhQdGnpyuxlVZTFYpaRV73VbevZKNFB6AR1S0e6-80vJrk5L-KumgxV9Y18Rz3dquKPhhnZ2YdccZ5v8mgA6KkJbgxromFaBokAL_nZcozTg7DA
2020-12-27 23:22:54 INFO  Demo_05_softassert:27 - BjKO8xctOp38fzmCzprOAfSZYcPy-uCQGClLPBphaqKoB_Wz0MdgwBL7uYG9OdrErZ9UuokQFHFRueyaPg_Kj5nbCMfW1SZn5vYHYRTdhQdGnpyuxlVZTFYpaRV73VbevZKNFB6AR1S0e6-80vJrk5L-KumgxV9Y18Rz3dquKPhhnZ2YdccZ5v8mgA6KkJbgxromFaBokAL_nZcozTg7DA
2020-12-27 23:23:36 INFO  Demo_05_softassert:27 - BjKO8xctOp38fzmCzprOAfSZYcPy-uCQGClLPBphaqKoB_Wz0MdgwBL7uYG9OdrErZ9UuokQFHFRueyaPg_Kj5nbCMfW1SZn5vYHYRTdhQdGnpyuxlVZTFYpaRV73VbevZKNFB6AR1S0e6-80vJrk5L-KumgxV9Y18Rz3dquKPhhnZ2YdccZ5v8mgA6KkJbgxromFaBokAL_nZcozTg7DA
2020-12-27 23:24:33 INFO  Demo_05_softassert:27 - BjKO8xctOp38fzmCzprOAfSZYcPy-uCQGClLPBphaqKoB_Wz0MdgwBL7uYG9OdrErZ9UuokQFHFRueyaPg_Kj5nbCMfW1SZn5vYHYRTdhQdGnpyuxlVZTFYpaRV73VbevZKNFB6AR1S0e6-80vJrk5L-KumgxV9Y18Rz3dquKPhhnZ2YdccZ5v8mgA6KkJbgxromFaBokAL_nZcozTg7DA
2020-12-27 23:25:16 INFO  Demo_05_softassert:27 - BjKO8xctOp38fzmCzprOAfSZYcPy-uCQGClLPBphaqKoB_Wz0MdgwBL7uYG9OdrErZ9UuokQFHFRueyaPg_Kj5nbCMfW1SZn5vYHYRTdhQdGnpyuxlVZTFYpaRV73VbevZKNFB6AR1S0e6-80vJrk5L-KumgxV9Y18Rz3dquKPhhnZ2YdccZ5v8mgA6KkJbgxromFaBokAL_nZcozTg7DA
2020-12-27 23:25:51 INFO  Demo_05_softassert:27 - BjKO8xctOp38fzmCzprOAfSZYcPy-uCQGClLPBphaqKoB_Wz0MdgwBL7uYG9OdrErZ9UuokQFHFRueyaPg_Kj5nbCMfW1SZn5vYHYRTdhQdGnpyuxlVZTFYpaRV73VbevZKNFB6AR1S0e6-80vJrk5L-KumgxV9Y18Rz3dquKPhhnZ2YdccZ5v8mgA6KkJbgxromFaBokAL_nZcozTg7DA
2020-12-28 21:07:15 INFO  Demo_05_softassert:27 - YnA5cdMyg5OhDOa4M-M-eV7ctVw4BrJgu74ox_R7yJdoSaJVZd5dhlXTb_923myaEyB5FbiCiemVZUSRl8ZlhY3pVQkAg4VNubtxYlgZOXe8V8ioLDSJvD0E2g_nONs46V0xlf4wYt8CW_7d374rDqp8qVSAJAweoe_HCHz9qOsmZpNWtr472JMf6s0my_THLMoO__ZbdOnQHVKNmCFAFw
2020-12-28 21:08:02 INFO  Demo_05_softassert:27 - YnA5cdMyg5OhDOa4M-M-eV7ctVw4BrJgu74ox_R7yJdoSaJVZd5dhlXTb_923myaEyB5FbiCiemVZUSRl8ZlhY3pVQkAg4VNubtxYlgZOXe8V8ioLDSJvD0E2g_nONs46V0xlf4wYt8CW_7d374rDqp8qVSAJAweoe_HCHz9qOsmZpNWtr472JMf6s0my_THLMoO__ZbdOnQHVKNmCFAFw
2020-12-28 21:15:18 INFO  Demo_05_softassert:29 - YnA5cdMyg5OhDOa4M-M-eV7ctVw4BrJgu74ox_R7yJdoSaJVZd5dhlXTb_923myaEyB5FbiCiemVZUSRl8ZlhY3pVQkAg4VNubtxYlgZOXe8V8ioLDSJvD0E2g_nONs46V0xlf4wYt8CW_7d374rDqp8qVSAJAweoe_HCHz9qOsmZpNWtr472JMf6s0my_THLMoO__ZbdOnQHVKNmCFAFw
2020-12-28 21:19:27 INFO  Demo_05_softassert:29 - YnA5cdMyg5OhDOa4M-M-eV7ctVw4BrJgu74ox_R7yJdoSaJVZd5dhlXTb_923myaEyB5FbiCiemVZUSRl8ZlhY3pVQkAg4VNubtxYlgZOXe8V8ioLDSJvD0E2g_nONs46V0xlf4wYt8CW_7d374rDqp8qVSAJAweoe_HCHz9qOsmZpNWtr472JMf6s0my_THLMoO__ZbdOnQHVKNmCFAFw
2020-12-28 21:33:53 INFO  Demo_05_softassert:29 - YnA5cdMyg5OhDOa4M-M-eV7ctVw4BrJgu74ox_R7yJdoSaJVZd5dhlXTb_923myaEyB5FbiCiemVZUSRl8ZlhY3pVQkAg4VNubtxYlgZOXe8V8ioLDSJvD0E2g_nONs46V0xlf4wYt8CW_7d374rDqp8qVSAJAweoe_HCHz9qOsmZpNWtr472JMf6s0my_THLMoO__ZbdOnQHVKNmCFAFw
2020-12-28 21:40:03 INFO  Demo_05_softassert:29 - YnA5cdMyg5OhDOa4M-M-eV7ctVw4BrJgu74ox_R7yJdoSaJVZd5dhlXTb_923myaEyB5FbiCiemVZUSRl8ZlhY3pVQkAg4VNubtxYlgZOXe8V8ioLDSJvD0E2g_nONs46V0xlf4wYt8CW_7d374rDqp8qVSAJAweoe_HCHz9qOsmZpNWtr472JMf6s0my_THLMoO__ZbdOnQHVKNmCFAFw
2020-12-28 21:42:23 INFO  Demo_05_softassert:29 - YnA5cdMyg5OhDOa4M-M-eV7ctVw4BrJgu74ox_R7yJdoSaJVZd5dhlXTb_923myaEyB5FbiCiemVZUSRl8ZlhY3pVQkAg4VNubtxYlgZOXe8V8ioLDSJvD0E2g_nONs46V0xlf4wYt8CW_7d374rDqp8qVSAJAweoe_HCHz9qOsmZpNWtr472JMf6s0my_THLMoO__ZbdOnQHVKNmCFAFw
2020-12-28 21:46:38 INFO  Demo_05_softassert:29 - YnA5cdMyg5OhDOa4M-M-eV7ctVw4BrJgu74ox_R7yJdoSaJVZd5dhlXTb_923myaEyB5FbiCiemVZUSRl8ZlhY3pVQkAg4VNubtxYlgZOXe8V8ioLDSJvD0E2g_nONs46V0xlf4wYt8CW_7d374rDqp8qVSAJAweoe_HCHz9qOsmZpNWtr472JMf6s0my_THLMoO__ZbdOnQHVKNmCFAFw
2020-12-28 21:49:20 INFO  Demo_05_softassert:29 - YnA5cdMyg5OhDOa4M-M-eV7ctVw4BrJgu74ox_R7yJdoSaJVZd5dhlXTb_923myaEyB5FbiCiemVZUSRl8ZlhY3pVQkAg4VNubtxYlgZOXe8V8ioLDSJvD0E2g_nONs46V0xlf4wYt8CW_7d374rDqp8qVSAJAweoe_HCHz9qOsmZpNWtr472JMf6s0my_THLMoO__ZbdOnQHVKNmCFAFw
2020-12-28 21:51:40 INFO  Demo_05_softassert:27 - YnA5cdMyg5OhDOa4M-M-eV7ctVw4BrJgu74ox_R7yJdoSaJVZd5dhlXTb_923myaEyB5FbiCiemVZUSRl8ZlhY3pVQkAg4VNubtxYlgZOXe8V8ioLDSJvD0E2g_nONs46V0xlf4wYt8CW_7d374rDqp8qVSAJAweoe_HCHz9qOsmZpNWtr472JMf6s0my_THLMoO__ZbdOnQHVKNmCFAFw
2020-12-28 22:12:43 INFO  Demo_05_softassert:28 - YnA5cdMyg5OhDOa4M-M-eV7ctVw4BrJgu74ox_R7yJdoSaJVZd5dhlXTb_923myaEyB5FbiCiemVZUSRl8ZlhY3pVQkAg4VNubtxYlgZOXe8V8ioLDSJvD0E2g_nONs46V0xlf4wYt8CW_7d374rDqp8qVSAJAweoe_HCHz9qOsmZpNWtr472JMf6s0my_THLMoO__ZbdOnQHVKNmCFAFw
2020-12-28 22:14:27 INFO  Demo_05_softassert:28 - YnA5cdMyg5OhDOa4M-M-eV7ctVw4BrJgu74ox_R7yJdoSaJVZd5dhlXTb_923myaEyB5FbiCiemVZUSRl8ZlhY3pVQkAg4VNubtxYlgZOXe8V8ioLDSJvD0E2g_nONs46V0xlf4wYt8CW_7d374rDqp8qVSAJAweoe_HCHz9qOsmZpNWtr472JMf6s0my_THLMoO__ZbdOnQHVKNmCFAFw
2020-12-28 22:19:18 INFO  Demo_05_softassert:28 - YnA5cdMyg5OhDOa4M-M-eV7ctVw4BrJgu74ox_R7yJdoSaJVZd5dhlXTb_923myaEyB5FbiCiemVZUSRl8ZlhY3pVQkAg4VNubtxYlgZOXe8V8ioLDSJvD0E2g_nONs46V0xlf4wYt8CW_7d374rDqp8qVSAJAweoe_HCHz9qOsmZpNWtr472JMf6s0my_THLMoO__ZbdOnQHVKNmCFAFw
2020-12-28 22:57:30 INFO  Demo_05_softassert:32 - YnA5cdMyg5OhDOa4M-M-eV7ctVw4BrJgu74ox_R7yJdoSaJVZd5dhlXTb_923myaEyB5FbiCiemVZUSRl8ZlhY3pVQkAg4VNubtxYlgZOXe8V8ioLDSJvD0E2g_nONs46V0xlf4wYt8CW_7d374rDqp8qVSAJAweoe_HCHz9qOsmZpNWtr472JMf6s0my_THLMoO__ZbdOnQHVKNmCFAFw
2020-12-28 23:02:44 INFO  Demo_05_softassert:32 - YnA5cdMyg5OhDOa4M-M-eV7ctVw4BrJgu74ox_R7yJdoSaJVZd5dhlXTb_923myaEyB5FbiCiemVZUSRl8ZlhY3pVQkAg4VNubtxYlgZOXe8V8ioLDSJvD0E2g_nONs46V0xlf4wYt8CW_7d374rDqp8qVSAJAweoe_HCHz9qOsmZpNWtr472JMf6s0my_THLMoO__ZbdOnQHVKNmCFAFw
2020-12-28 23:06:16 INFO  Demo_05_softassert:32 - YnA5cdMyg5OhDOa4M-M-eV7ctVw4BrJgu74ox_R7yJdoSaJVZd5dhlXTb_923myaEyB5FbiCiemVZUSRl8ZlhY3pVQkAg4VNubtxYlgZOXe8V8ioLDSJvD0E2g_nONs46V0xlf4wYt8CW_7d374rDqp8qVSAJAweoe_HCHz9qOsmZpNWtr472JMf6s0my_THLMoO__ZbdOnQHVKNmCFAFw
2020-12-28 23:16:24 INFO  Demo_05_softassert:32 - CUnJIVo9NNUSW9XBtVk1ReDQdYhLBanG4sV6jHyJqa4B6ki2qojhfbBnA-hv2BfymRm52btBap4ZkdTu_SLZHn1-BsvFmNfXLICJuWp6wvVx_tYlplFK3dDJlGUU408dNZHE4JedIPVTnedfDUs0jaO995YWa4JnvqTSgQkstY2vYPi6XJz9lmQrMoi8dA4-zysYkfKSRLSVcpyMUo9nIQ
2020-12-28 23:19:53 INFO  Demo_05_softassert:32 - CUnJIVo9NNUSW9XBtVk1ReDQdYhLBanG4sV6jHyJqa4B6ki2qojhfbBnA-hv2BfymRm52btBap4ZkdTu_SLZHn1-BsvFmNfXLICJuWp6wvVx_tYlplFK3dDJlGUU408dNZHE4JedIPVTnedfDUs0jaO995YWa4JnvqTSgQkstY2vYPi6XJz9lmQrMoi8dA4-zysYkfKSRLSVcpyMUo9nIQ
2020-12-28 23:20:55 INFO  Demo_05_softassert:32 - CUnJIVo9NNUSW9XBtVk1ReDQdYhLBanG4sV6jHyJqa4B6ki2qojhfbBnA-hv2BfymRm52btBap4ZkdTu_SLZHn1-BsvFmNfXLICJuWp6wvVx_tYlplFK3dDJlGUU408dNZHE4JedIPVTnedfDUs0jaO995YWa4JnvqTSgQkstY2vYPi6XJz9lmQrMoi8dA4-zysYkfKSRLSVcpyMUo9nIQ
2020-12-28 23:32:45 INFO  Demo_05_softassert:32 - CUnJIVo9NNUSW9XBtVk1ReDQdYhLBanG4sV6jHyJqa4B6ki2qojhfbBnA-hv2BfymRm52btBap4ZkdTu_SLZHn1-BsvFmNfXLICJuWp6wvVx_tYlplFK3dDJlGUU408dNZHE4JedIPVTnedfDUs0jaO995YWa4JnvqTSgQkstY2vYPi6XJz9lmQrMoi8dA4-zysYkfKSRLSVcpyMUo9nIQ
2020-12-28 23:34:51 INFO  Demo_05_softassert:32 - CUnJIVo9NNUSW9XBtVk1ReDQdYhLBanG4sV6jHyJqa4B6ki2qojhfbBnA-hv2BfymRm52btBap4ZkdTu_SLZHn1-BsvFmNfXLICJuWp6wvVx_tYlplFK3dDJlGUU408dNZHE4JedIPVTnedfDUs0jaO995YWa4JnvqTSgQkstY2vYPi6XJz9lmQrMoi8dA4-zysYkfKSRLSVcpyMUo9nIQ
2020-12-28 23:36:35 INFO  Demo_05_softassert:32 - CUnJIVo9NNUSW9XBtVk1ReDQdYhLBanG4sV6jHyJqa4B6ki2qojhfbBnA-hv2BfymRm52btBap4ZkdTu_SLZHn1-BsvFmNfXLICJuWp6wvVx_tYlplFK3dDJlGUU408dNZHE4JedIPVTnedfDUs0jaO995YWa4JnvqTSgQkstY2vYPi6XJz9lmQrMoi8dA4-zysYkfKSRLSVcpyMUo9nIQ
2020-12-28 23:43:13 INFO  Demo_05_softassert:32 - RMgvoxepY76vawux6TpHeWvFkX0XkZqvX4r6Ls9G4ok0rut5F_fsGvVYfymFJ9A8wyl7u4pZyEVgDrzAxACvaKrjB-1C8EYxE7R3nkUVm8zC2Qns0-GJn9fMZteVkX54kpgBXsl3Gdpag1gCqaElx6ljM1w1GApSPlMUpsuM3CUMrutxlcSLIpNreo1BVHjLg0C6-q_MdyMlATFmdIRPUg
2020-12-28 23:50:22 INFO  Demo_05_softassert:34 - RMgvoxepY76vawux6TpHeWvFkX0XkZqvX4r6Ls9G4ok0rut5F_fsGvVYfymFJ9A8wyl7u4pZyEVgDrzAxACvaKrjB-1C8EYxE7R3nkUVm8zC2Qns0-GJn9fMZteVkX54kpgBXsl3Gdpag1gCqaElx6ljM1w1GApSPlMUpsuM3CUMrutxlcSLIpNreo1BVHjLg0C6-q_MdyMlATFmdIRPUg
2020-12-28 23:50:22 INFO  Demo_05_softassert:35 - 
2020-12-28 23:52:20 INFO  appchatTest:34 - RMgvoxepY76vawux6TpHeWvFkX0XkZqvX4r6Ls9G4ok0rut5F_fsGvVYfymFJ9A8wyl7u4pZyEVgDrzAxACvaKrjB-1C8EYxE7R3nkUVm8zC2Qns0-GJn9fMZteVkX54kpgBXsl3Gdpag1gCqaElx6ljM1w1GApSPlMUpsuM3CUMrutxlcSLIpNreo1BVHjLg0C6-q_MdyMlATFmdIRPUg
2020-12-28 23:52:20 INFO  appchatTest:35 - 
2020-12-28 23:54:17 INFO  appchatTest:34 - RMgvoxepY76vawux6TpHeWvFkX0XkZqvX4r6Ls9G4ok0rut5F_fsGvVYfymFJ9A8wyl7u4pZyEVgDrzAxACvaKrjB-1C8EYxE7R3nkUVm8zC2Qns0-GJn9fMZteVkX54kpgBXsl3Gdpag1gCqaElx6ljM1w1GApSPlMUpsuM3CUMrutxlcSLIpNreo1BVHjLg0C6-q_MdyMlATFmdIRPUg
2020-12-28 23:54:17 INFO  appchatTest:35 - CUnJIVo9NNUSW9XBtVk1ReDQdYhLBanG4sV6jHyJqa4B6ki2qojhfbBnA-hv2BfymRm52btBap4ZkdTu_SLZHn1-BsvFmNfXLICJuWp6wvVx_tYlplFK3dDJlGUU408dNZHE4JedIPVTnedfDUs0jaO995YWa4JnvqTSgQkstY2vYPi6XJz9lmQrMoi8dA4-zysYkfKSRLSVcpyMUo9nIQ
2020-12-29 00:02:04 INFO  appchatTest:35 - RMgvoxepY76vawux6TpHeWvFkX0XkZqvX4r6Ls9G4ok0rut5F_fsGvVYfymFJ9A8wyl7u4pZyEVgDrzAxACvaKrjB-1C8EYxE7R3nkUVm8zC2Qns0-GJn9fMZteVkX54kpgBXsl3Gdpag1gCqaElx6ljM1w1GApSPlMUpsuM3CUMrutxlcSLIpNreo1BVHjLg0C6-q_MdyMlATFmdIRPUg
2020-12-29 00:02:04 INFO  appchatTest:36 - CUnJIVo9NNUSW9XBtVk1ReDQdYhLBanG4sV6jHyJqa4B6ki2qojhfbBnA-hv2BfymRm52btBap4ZkdTu_SLZHn1-BsvFmNfXLICJuWp6wvVx_tYlplFK3dDJlGUU408dNZHE4JedIPVTnedfDUs0jaO995YWa4JnvqTSgQkstY2vYPi6XJz9lmQrMoi8dA4-zysYkfKSRLSVcpyMUo9nIQ
2020-12-29 22:33:11 INFO  appchatTest:35 - 6s1r3GE_ht6NyC3P7hBtu99mU5vaU4rMaqgXSnb3oO-X94LEzXVL17R0tW-K4a7KJDEtEmplAvkrn7paBSH5ucPEI2HT8sBZAE_OYxlcG6tn6QydcmG6vd0jSEjm_8RD8V_G1DUMwMyBsY9fwvf5rPi1Vb_y6Gcu14UveqUPrhRDGzs9iP2vvJao4ZMy6OxEeFtH6v3wm1our5FLJyfUyA
2020-12-29 22:33:11 INFO  appchatTest:36 - 6iJOnveO1R5XNT-WCOtuN_pZp8--xg-6zOPE_o9k1387zAAbw3uhrwd-mr_m04b3XRQnCUUesvHKCbUHcTK1JfFaKCMlfooKnAvQDH8l-zlp5QS0M9DZOxDgNDxIRWAThtVHiBVjT5gKLzAc9EeRJLZDDrnvDKcN8mJS9ZDQMkZgMFdJk18vaKQt95UOZSInbt2a6hx0YLCn92gcFA8RzA
2020-12-29 22:59:31 INFO  appchatTest:35 - 6s1r3GE_ht6NyC3P7hBtu99mU5vaU4rMaqgXSnb3oO-X94LEzXVL17R0tW-K4a7KJDEtEmplAvkrn7paBSH5ucPEI2HT8sBZAE_OYxlcG6tn6QydcmG6vd0jSEjm_8RD8V_G1DUMwMyBsY9fwvf5rPi1Vb_y6Gcu14UveqUPrhRDGzs9iP2vvJao4ZMy6OxEeFtH6v3wm1our5FLJyfUyA
2020-12-29 22:59:31 INFO  appchatTest:36 - 6iJOnveO1R5XNT-WCOtuN_pZp8--xg-6zOPE_o9k1387zAAbw3uhrwd-mr_m04b3XRQnCUUesvHKCbUHcTK1JfFaKCMlfooKnAvQDH8l-zlp5QS0M9DZOxDgNDxIRWAThtVHiBVjT5gKLzAc9EeRJLZDDrnvDKcN8mJS9ZDQMkZgMFdJk18vaKQt95UOZSInbt2a6hx0YLCn92gcFA8RzA
2020-12-29 23:05:42 INFO  appchatTest:35 - 6s1r3GE_ht6NyC3P7hBtu99mU5vaU4rMaqgXSnb3oO-X94LEzXVL17R0tW-K4a7KJDEtEmplAvkrn7paBSH5ucPEI2HT8sBZAE_OYxlcG6tn6QydcmG6vd0jSEjm_8RD8V_G1DUMwMyBsY9fwvf5rPi1Vb_y6Gcu14UveqUPrhRDGzs9iP2vvJao4ZMy6OxEeFtH6v3wm1our5FLJyfUyA
2020-12-29 23:05:42 INFO  appchatTest:36 - 6iJOnveO1R5XNT-WCOtuN_pZp8--xg-6zOPE_o9k1387zAAbw3uhrwd-mr_m04b3XRQnCUUesvHKCbUHcTK1JfFaKCMlfooKnAvQDH8l-zlp5QS0M9DZOxDgNDxIRWAThtVHiBVjT5gKLzAc9EeRJLZDDrnvDKcN8mJS9ZDQMkZgMFdJk18vaKQt95UOZSInbt2a6hx0YLCn92gcFA8RzA
2020-12-29 23:08:16 INFO  appchatTest:35 - 6s1r3GE_ht6NyC3P7hBtu99mU5vaU4rMaqgXSnb3oO-X94LEzXVL17R0tW-K4a7KJDEtEmplAvkrn7paBSH5ucPEI2HT8sBZAE_OYxlcG6tn6QydcmG6vd0jSEjm_8RD8V_G1DUMwMyBsY9fwvf5rPi1Vb_y6Gcu14UveqUPrhRDGzs9iP2vvJao4ZMy6OxEeFtH6v3wm1our5FLJyfUyA
2020-12-29 23:08:16 INFO  appchatTest:36 - 6iJOnveO1R5XNT-WCOtuN_pZp8--xg-6zOPE_o9k1387zAAbw3uhrwd-mr_m04b3XRQnCUUesvHKCbUHcTK1JfFaKCMlfooKnAvQDH8l-zlp5QS0M9DZOxDgNDxIRWAThtVHiBVjT5gKLzAc9EeRJLZDDrnvDKcN8mJS9ZDQMkZgMFdJk18vaKQt95UOZSInbt2a6hx0YLCn92gcFA8RzA
2020-12-29 23:09:50 INFO  appchatTest:35 - 6s1r3GE_ht6NyC3P7hBtu99mU5vaU4rMaqgXSnb3oO-X94LEzXVL17R0tW-K4a7KJDEtEmplAvkrn7paBSH5ucPEI2HT8sBZAE_OYxlcG6tn6QydcmG6vd0jSEjm_8RD8V_G1DUMwMyBsY9fwvf5rPi1Vb_y6Gcu14UveqUPrhRDGzs9iP2vvJao4ZMy6OxEeFtH6v3wm1our5FLJyfUyA
2020-12-29 23:09:50 INFO  appchatTest:36 - 6iJOnveO1R5XNT-WCOtuN_pZp8--xg-6zOPE_o9k1387zAAbw3uhrwd-mr_m04b3XRQnCUUesvHKCbUHcTK1JfFaKCMlfooKnAvQDH8l-zlp5QS0M9DZOxDgNDxIRWAThtVHiBVjT5gKLzAc9EeRJLZDDrnvDKcN8mJS9ZDQMkZgMFdJk18vaKQt95UOZSInbt2a6hx0YLCn92gcFA8RzA
2020-12-29 23:12:27 INFO  appchatTest:35 - 6s1r3GE_ht6NyC3P7hBtu99mU5vaU4rMaqgXSnb3oO-X94LEzXVL17R0tW-K4a7KJDEtEmplAvkrn7paBSH5ucPEI2HT8sBZAE_OYxlcG6tn6QydcmG6vd0jSEjm_8RD8V_G1DUMwMyBsY9fwvf5rPi1Vb_y6Gcu14UveqUPrhRDGzs9iP2vvJao4ZMy6OxEeFtH6v3wm1our5FLJyfUyA
2020-12-29 23:12:27 INFO  appchatTest:36 - 6iJOnveO1R5XNT-WCOtuN_pZp8--xg-6zOPE_o9k1387zAAbw3uhrwd-mr_m04b3XRQnCUUesvHKCbUHcTK1JfFaKCMlfooKnAvQDH8l-zlp5QS0M9DZOxDgNDxIRWAThtVHiBVjT5gKLzAc9EeRJLZDDrnvDKcN8mJS9ZDQMkZgMFdJk18vaKQt95UOZSInbt2a6hx0YLCn92gcFA8RzA
2020-12-29 23:17:09 INFO  appchatTest:35 - 6s1r3GE_ht6NyC3P7hBtu99mU5vaU4rMaqgXSnb3oO-X94LEzXVL17R0tW-K4a7KJDEtEmplAvkrn7paBSH5ucPEI2HT8sBZAE_OYxlcG6tn6QydcmG6vd0jSEjm_8RD8V_G1DUMwMyBsY9fwvf5rPi1Vb_y6Gcu14UveqUPrhRDGzs9iP2vvJao4ZMy6OxEeFtH6v3wm1our5FLJyfUyA
2020-12-29 23:17:09 INFO  appchatTest:36 - 6iJOnveO1R5XNT-WCOtuN_pZp8--xg-6zOPE_o9k1387zAAbw3uhrwd-mr_m04b3XRQnCUUesvHKCbUHcTK1JfFaKCMlfooKnAvQDH8l-zlp5QS0M9DZOxDgNDxIRWAThtVHiBVjT5gKLzAc9EeRJLZDDrnvDKcN8mJS9ZDQMkZgMFdJk18vaKQt95UOZSInbt2a6hx0YLCn92gcFA8RzA
2020-12-29 23:23:38 INFO  appchatTest:35 - 6s1r3GE_ht6NyC3P7hBtu99mU5vaU4rMaqgXSnb3oO-X94LEzXVL17R0tW-K4a7KJDEtEmplAvkrn7paBSH5ucPEI2HT8sBZAE_OYxlcG6tn6QydcmG6vd0jSEjm_8RD8V_G1DUMwMyBsY9fwvf5rPi1Vb_y6Gcu14UveqUPrhRDGzs9iP2vvJao4ZMy6OxEeFtH6v3wm1our5FLJyfUyA
2020-12-29 23:23:38 INFO  appchatTest:36 - 6iJOnveO1R5XNT-WCOtuN_pZp8--xg-6zOPE_o9k1387zAAbw3uhrwd-mr_m04b3XRQnCUUesvHKCbUHcTK1JfFaKCMlfooKnAvQDH8l-zlp5QS0M9DZOxDgNDxIRWAThtVHiBVjT5gKLzAc9EeRJLZDDrnvDKcN8mJS9ZDQMkZgMFdJk18vaKQt95UOZSInbt2a6hx0YLCn92gcFA8RzA
2020-12-29 23:34:42 INFO  appchatTest:33 - 6s1r3GE_ht6NyC3P7hBtu99mU5vaU4rMaqgXSnb3oO-X94LEzXVL17R0tW-K4a7KJDEtEmplAvkrn7paBSH5ucPEI2HT8sBZAE_OYxlcG6tn6QydcmG6vd0jSEjm_8RD8V_G1DUMwMyBsY9fwvf5rPi1Vb_y6Gcu14UveqUPrhRDGzs9iP2vvJao4ZMy6OxEeFtH6v3wm1our5FLJyfUyA
2020-12-29 23:34:42 INFO  appchatTest:34 - 6iJOnveO1R5XNT-WCOtuN_pZp8--xg-6zOPE_o9k1387zAAbw3uhrwd-mr_m04b3XRQnCUUesvHKCbUHcTK1JfFaKCMlfooKnAvQDH8l-zlp5QS0M9DZOxDgNDxIRWAThtVHiBVjT5gKLzAc9EeRJLZDDrnvDKcN8mJS9ZDQMkZgMFdJk18vaKQt95UOZSInbt2a6hx0YLCn92gcFA8RzA
2020-12-29 23:50:38 INFO  DefaultHttpClient:625 - I/O exception (java.net.SocketException) caught when connecting to {s}->https://qyapi.weixin.qq.com:443: Connection reset
2020-12-29 23:50:38 INFO  DefaultHttpClient:633 - Retrying connect to {s}->https://qyapi.weixin.qq.com:443
2020-12-29 23:50:40 INFO  appchatTest:33 - 6s1r3GE_ht6NyC3P7hBtu99mU5vaU4rMaqgXSnb3oO-X94LEzXVL17R0tW-K4a7KJDEtEmplAvkrn7paBSH5ucPEI2HT8sBZAE_OYxlcG6tn6QydcmG6vd0jSEjm_8RD8V_G1DUMwMyBsY9fwvf5rPi1Vb_y6Gcu14UveqUPrhRDGzs9iP2vvJao4ZMy6OxEeFtH6v3wm1our5FLJyfUyA
2020-12-29 23:50:40 INFO  appchatTest:34 - 6iJOnveO1R5XNT-WCOtuN_pZp8--xg-6zOPE_o9k1387zAAbw3uhrwd-mr_m04b3XRQnCUUesvHKCbUHcTK1JfFaKCMlfooKnAvQDH8l-zlp5QS0M9DZOxDgNDxIRWAThtVHiBVjT5gKLzAc9EeRJLZDDrnvDKcN8mJS9ZDQMkZgMFdJk18vaKQt95UOZSInbt2a6hx0YLCn92gcFA8RzA
